
> skillbridge-api@1.0.0 test
> jest

node.exe : PASS Backend Tests __tests__/rbac.test.js
At line:1 char:1
+ & "C:\Program Files\nodejs/node.exe" "C:\Program Files\nodejs/node_mo ...
+ ~~~~~~~~~~~~~~~~~~~~~~~~~~~~~~~~~~~~~~~~~~~~~~~~~~~~~~~~~~~~~~~~~~~~~
    + CategoryInfo          : NotSpecified: (PASS Backend Te...__/rbac.test.js:String) [], RemoteException
    + FullyQualifiedErrorId : NativeCommandError
 
  RBAC adminOnly middleware
    ÔêÜ allows uppercase ADMIN role (12 ms)
    ÔêÜ allows lowercase admin role (1 ms)
    ÔêÜ returns 403 with clear message for non-admin user (3 ms)
    ÔêÜ returns 403 with clear message when user is missing (2 ms)

PASS Backend Tests __tests__/validation.test.js
  Validation Schemas - Signup
    ÔêÜ should accept valid signup data (20 ms)
    ÔêÜ should lowercase email (2 ms)
    ÔêÜ should reject invalid email (10 ms)
    ÔêÜ should reject short password (2 ms)
    ÔêÜ should require name (2 ms)
    ÔêÜ should trim whitespace from name (2 ms)
  Validation Schemas - Login
    ÔêÜ should accept valid login data (1 ms)
    ÔêÜ should require email (1 ms)
    ÔêÜ should require password (2 ms)
  Validation Schemas - Payment
    ÔêÜ should accept valid createOrder data (2 ms)
    ÔêÜ should reject negative amount (2 ms)
    ÔêÜ should require amount (1 ms)
  Validation Schemas - Task Submission
    ÔêÜ should accept valid task submission (30 ms)
    ÔêÜ should reject invalid URL (10 ms)
    ÔêÜ should require valid taskId UUID (1 ms)

Test 2 Error: {"success":false,"statusCode":401,"message":"Session invalidated. Please login again.","errorCode":"TOKEN_REVOKED","timestamp":"2026-04-21T06:34:10.290Z"}
Test 4 Error: {"success":false,"statusCode":401,"message":"Session invalidated. Please login again.","errorCode":"TOKEN_REVOKED","timestamp":"2026-04-21T06:34:10.350Z"}
FAIL Backend Tests __tests__/integration/e2e.integration.test.js
  E2E Pipeline Integration
    ÔêÜ 1. Webhook Payment securely enrolls user (203 ms)
    ÔêÜ 1a. Webhook rejects requests with missing signature (15 ms)
    ÔêÜ 1c. Webhook rejects requests with invalid signature (10 ms)
    ├ù 1b. Verify payment restores missing enrollment for an already-successful payment (16 ms)
    ├ù 2. User completes final project submission (16 ms)
    ├ù 3. Admin parallelizes Dashboard analytics (11 ms)
    ├ù 3a. Admin dashboard hides internal errors on failures (9 ms)
    ├ù 3b. Admin ticket listing hides internal errors on failures (9 ms)
    ├ù 3c. Admin ticket reply hides internal errors on failures (10 ms)
    ├ù 4. Admin approves project & Certificate triggers Email (12 ms)
    ÔêÜ 5. Public Certificate PDF generator serves document (11 ms)
    ÔêÜ 6. Malformed webhook payloads do not leak internal error details (13 ms)

  ÔùÅ E2E Pipeline Integration ÔÇ║ 1b. Verify payment restores missing enrollment for an already-successful payment

    expect(received).toBe(expected) // Object.is equality

    Expected: 200
    Received: 401

    [0m [90m 204 |[39m       })[33m;[39m
     [90m 205 |[39m
    [31m[1m>[22m[39m[90m 206 |[39m     expect(res[33m.[39mstatus)[33m.[39mtoBe([35m200[39m)[33m;[39m
     [90m     |[39m                        [31m[1m^[22m[39m
     [90m 207 |[39m     expect(prisma[33m.[39muserInternship[33m.[39mupsert)[33m.[39mtoHaveBeenCalledWith(expec
t[33m.[39mobjectContaining({
     [90m 208 |[39m       where[33m:[39m { userId_internshipId[33m:[39m { userId[33m,[39m internshipId } 
}[33m,[39m
     [90m 209 |[39m     }))[33m;[39m[0m

      at Object.toBe (__tests__/integration/e2e.integration.test.js:206:24)

  ÔùÅ E2E Pipeline Integration ÔÇ║ 2. User completes final project submission

    expect(received).toBe(expected) // Object.is equality

    Expected: 201
    Received: 401

    [0m [90m 237 |[39m
     [90m 238 |[39m     [36mif[39m (res[33m.[39mstatus [33m!==[39m [35m201[39m) 
process[33m.[39mstdout[33m.[39mwrite([32m'Test 2 Error: '[39m [33m+[39m 
[33mJSON[39m[33m.[39mstringify(res[33m.[39mbody) [33m+[39m [32m'\n'[39m)[33m;[39m
    [31m[1m>[22m[39m[90m 239 |[39m     expect(res[33m.[39mstatus)[33m.[39mtoBe([35m201[39m)[33m;[39m
     [90m     |[39m                        [31m[1m^[22m[39m
     [90m 240 |[39m     expect(res[33m.[39mbody[33m.[39msuccess)[33m.[39mtoBe([36mtrue[39m)[33m;[39m
     [90m 241 |[39m     
expect(prisma[33m.[39mfinalProjectSubmission[33m.[39mupsert)[33m.[39mtoHaveBeenCalled()[33m;[39m
     [90m 242 |[39m   })[33m;[39m[0m

      at Object.toBe (__tests__/integration/e2e.integration.test.js:239:24)

  ÔùÅ E2E Pipeline Integration ÔÇ║ 3. Admin parallelizes Dashboard analytics

    expect(received).toBe(expected) // Object.is equality

    Expected: 200
    Received: 401

    [0m [90m 255 |[39m       [33m.[39m[36mset[39m([32m'Authorization'[39m[33m,[39m [32m`Bearer 
${adminToken}`[39m)[33m;[39m
     [90m 256 |[39m
    [31m[1m>[22m[39m[90m 257 |[39m     expect(res[33m.[39mstatus)[33m.[39mtoBe([35m200[39m)[33m;[39m
     [90m     |[39m                        [31m[1m^[22m[39m
     [90m 258 |[39m     
expect(res[33m.[39mbody[33m.[39mdata[33m.[39musers[33m.[39mtotal)[33m.[39mtoBe([35m10[39m)[33m;[39m
     [90m 259 |[39m     
expect(res[33m.[39mbody[33m.[39mdata[33m.[39mrevenue[33m.[39mtotal)[33m.[39mtoBe([35m5000[39m)[33m;[39m 
[90m// 500000 / 100[39m
     [90m 260 |[39m   })[33m;[39m[0m

      at Object.toBe (__tests__/integration/e2e.integration.test.js:257:24)

  ÔùÅ E2E Pipeline Integration ÔÇ║ 3a. Admin dashboard hides internal errors on failures

    expect(received).toBe(expected) // Object.is equality

    Expected: 500
    Received: 401

    [0m [90m 268 |[39m       [33m.[39m[36mset[39m([32m'Authorization'[39m[33m,[39m [32m`Bearer 
${adminToken}`[39m)[33m;[39m
     [90m 269 |[39m
    [31m[1m>[22m[39m[90m 270 |[39m     expect(res[33m.[39mstatus)[33m.[39mtoBe([35m500[39m)[33m;[39m
     [90m     |[39m                        [31m[1m^[22m[39m
     [90m 271 |[39m     expect(res[33m.[39mbody[33m.[39msuccess)[33m.[39mtoBe([36mfalse[39m)[33m;[39m
     [90m 272 |[39m     
expect(res[33m.[39mbody[33m.[39merrorCode)[33m.[39mtoBe([32m'FETCH_FAILED'[39m)[33m;[39m
     [90m 273 |[39m     expect(res[33m.[39mbody[33m.[39mmessage)[33m.[39mtoBe([32m'Failed to fetch 
overview'[39m)[33m;[39m[0m

      at Object.toBe (__tests__/integration/e2e.integration.test.js:270:24)

  ÔùÅ E2E Pipeline Integration ÔÇ║ 3b. Admin ticket listing hides internal errors on failures

    expect(received).toBe(expected) // Object.is equality

    Expected: 500
    Received: 401

    [0m [90m 283 |[39m       [33m.[39m[36mset[39m([32m'Authorization'[39m[33m,[39m [32m`Bearer 
${adminToken}`[39m)[33m;[39m
     [90m 284 |[39m
    [31m[1m>[22m[39m[90m 285 |[39m     expect(res[33m.[39mstatus)[33m.[39mtoBe([35m500[39m)[33m;[39m
     [90m     |[39m                        [31m[1m^[22m[39m
     [90m 286 |[39m     expect(res[33m.[39mbody[33m.[39msuccess)[33m.[39mtoBe([36mfalse[39m)[33m;[39m
     [90m 287 |[39m     
expect(res[33m.[39mbody[33m.[39merrorCode)[33m.[39mtoBe([32m'TICKETS_FETCH_FAILED'[39m)[33m;[39m
     [90m 288 |[39m     expect(res[33m.[39mbody[33m.[39mmessage)[33m.[39mtoBe([32m'Failed to fetch 
tickets'[39m)[33m;[39m[0m

      at Object.toBe (__tests__/integration/e2e.integration.test.js:285:24)

  ÔùÅ E2E Pipeline Integration ÔÇ║ 3c. Admin ticket reply hides internal errors on failures

    expect(received).toBe(expected) // Object.is equality

    Expected: 500
    Received: 401

    [0m [90m 303 |[39m       })[33m;[39m
     [90m 304 |[39m
    [31m[1m>[22m[39m[90m 305 |[39m     expect(res[33m.[39mstatus)[33m.[39mtoBe([35m500[39m)[33m;[39m
     [90m     |[39m                        [31m[1m^[22m[39m
     [90m 306 |[39m     expect(res[33m.[39mbody[33m.[39msuccess)[33m.[39mtoBe([36mfalse[39m)[33m;[39m
     [90m 307 |[39m     
expect(res[33m.[39mbody[33m.[39merrorCode)[33m.[39mtoBe([32m'TICKET_REPLY_FAILED'[39m)[33m;[39m
     [90m 308 |[39m     expect(res[33m.[39mbody[33m.[39mmessage)[33m.[39mtoBe([32m'Failed to reply to 
ticket'[39m)[33m;[39m[0m

      at Object.toBe (__tests__/integration/e2e.integration.test.js:305:24)

  ÔùÅ E2E Pipeline Integration ÔÇ║ 4. Admin approves project & Certificate triggers Email

    expect(received).toBe(expected) // Object.is equality

    Expected: 200
    Received: 401

    [0m [90m 343 |[39m
     [90m 344 |[39m     [36mif[39m (res[33m.[39mstatus [33m!==[39m [35m200[39m) 
process[33m.[39mstdout[33m.[39mwrite([32m'Test 4 Error: '[39m [33m+[39m 
[33mJSON[39m[33m.[39mstringify(res[33m.[39mbody) [33m+[39m [32m'\n'[39m)[33m;[39m
    [31m[1m>[22m[39m[90m 345 |[39m     expect(res[33m.[39mstatus)[33m.[39mtoBe([35m200[39m)[33m;[39m
     [90m     |[39m                        [31m[1m^[22m[39m
     [90m 346 |[39m     expect(prisma[33m.[39mfinalProjectSubmission[33m.[39mupdate)[33m.[39mtoHaveBeenCalledWi
th(expect[33m.[39mobjectContaining({ data[33m:[39m { status[33m:[39m [32m'APPROVED'[39m[33m,[39m 
feedback[33m:[39m [32m'Great job!'[39m } }))[33m;[39m
     [90m 347 |[39m     
expect(emailService[33m.[39msendCertificateDelivery)[33m.[39mtoHaveBeenCalled()[33m;[39m [90m// Email was 
dispatched![39m
     [90m 348 |[39m   })[33m;[39m[0m

      at Object.toBe (__tests__/integration/e2e.integration.test.js:345:24)

PASS Backend Tests __tests__/auth.test.js
  Auth Utils - Password Hashing
    ÔêÜ should hash password correctly (709 ms)
    ÔêÜ should verify correct password (1396 ms)
    ÔêÜ should reject incorrect password (1374 ms)
  Auth Utils - JWT Token
    ÔêÜ should generate valid JWT token (10 ms)
    ÔêÜ should encode userId in token (4 ms)
    ÔêÜ should include expiration in token (2 ms)
  Validation - Password Strength
    ÔêÜ should accept valid password (2 ms)
    ÔêÜ should reject password without uppercase (2 ms)
    ÔêÜ should reject password without lowercase (2 ms)
    ÔêÜ should reject password without number (1 ms)
    ÔêÜ should reject password without special character (1 ms)
    ÔêÜ should reject too short password (1 ms)
    ÔêÜ should return multiple errors for weak password (1 ms)

PASS Backend Tests __tests__/integration/auth.integration.test.js (6.859 s)
  Auth API Integration
    POST /auth/signup
      ÔêÜ creates a user and returns token (351 ms)
      ÔêÜ rejects duplicate email (16 ms)
    POST /auth/login
      ÔêÜ logs in valid user (1412 ms)
      ÔêÜ returns 401 for wrong password (1401 ms)
    POST /auth/request-password-reset
      ÔêÜ returns generic success for non-existing email (13 ms)
      ÔêÜ does not leak internal error details on server failure (12 ms)
    POST /auth/reset-password
      ÔêÜ rejects invalid token (11 ms)
      ÔêÜ resets password when token is valid (857 ms)

Test Suites: 1 failed, 4 passed, 5 total
Tests:       7 failed, 45 passed, 52 total
Snapshots:   0 total
Time:        8.064 s
Ran all test suites.
